Microchip MPLAB XC8 Compiler V2.50

Linker command line:

-W-3 \
  --edf=C:\Program Files\Microchip\xc8\v2.50\pic\dat\20240725155939_en.msgs \
  -cn -h+dist/default/debug\pic18f4620.debug.sym \
  --cmf=dist/default/debug\pic18f4620.debug.cmf -z -Q18F4620 \
  -oC:\Users\s\AppData\Local\Temp\xcAs2ls.\driver_tmp_3.o \
  --defsym=__MPLAB_BUILD=1 --fixupoverflow=error \
  -Mdist/default/debug/pic18f4620.debug.map \
  --md=C:\Users\s\AppData\Local\Temp\xcAs2ls.\driver_tmp_0.dat -E1 \
  -ver=XC8 Compiler --acfsm=1493 -ACODE=00h-0FFFFh -ACONST=00h-0FFFFh \
  -ASMALLCONST=01000h-010FFhx240 -AMEDIUMCONST=01000h-0FFFFh \
  -ACOMRAM=01h-07Fh -AABS1=00h-0F7Fh -ABIGRAM=01h-0F7Fh \
  -ARAM=080h-0FFh,0100h-01FFhx14,0F00h-0F7Fh -ABANK0=080h-0FFh \
  -ABANK1=0100h-01FFh -ABANK2=0200h-02FFh -ABANK3=0300h-03FFh \
  -ABANK4=0400h-04FFh -ABANK5=0500h-05FFh -ABANK6=0600h-06FFh \
  -ABANK7=0700h-07FFh -ABANK8=0800h-08FFh -ABANK9=0900h-09FFh \
  -ABANK10=0A00h-0AFFh -ABANK11=0B00h-0BFFh -ABANK12=0C00h-0CFFh \
  -ABANK13=0D00h-0DFFh -ABANK14=0E00h-0EFFh -ABANK15=0F00h-0F7Fh \
  -ASFR=0F80h-0FFFh -ABIGSFR=0F80h-0FFFh -ACONFIG=0300000h-030000Dh \
  -AIDLOC=0200000h-0200007h -AEEDATA=0F00000h-0F003FFh -peeprom_data=EEDATA \
  -preset_vec=00h,intcode,sivt_hi,intcodelo,sivt_lo,powerup,init \
  -pramtop=01000h -psmallconst=SMALLCONST -pmediumconst=MEDIUMCONST \
  -pconst=CONST -AFARRAM=00h-00h \
  -prdata=COMRAM,nvrram=COMRAM,nvbit=COMRAM,rbss=COMRAM,rbit=COMRAM \
  -pfarbss=FARRAM,fardata=FARRAM,nvFARRAM=FARRAM \
  -pintsave_regs=BIGRAM,bigbss=BIGRAM,bigdata=BIGRAM -pbss=RAM \
  -pidata=CODE,irdata=CODE,ibigdata=CODE,ifardata=CODE -prparam=COMRAM \
  C:\Users\s\AppData\Local\Temp\xcAs2ls.\driver_tmp_14.o \
  dist/default/debug\pic18f4620.debug.o 

Object code version is 3.11

Machine type is 18F4620



                Name                               Link     Load   Length Selector   Space Scale
C:\Users\s\AppData\Local\Temp\xcAs2ls.\driver_tmp_14.o
                config                           300000   300000        E        0       4
                init                                  0        0        4        0       0
dist/default/debug\pic18f4620.debug.o
                config                           300000   300000        E        0       4
                smallconst                         1000     1000       16      800       0
                text18                             1308     1308      2E8      80B       0
                text17                             1D88     1D88       20      EC4       0
                text16                             1B02     1B02       68      80B       0
                text15                             1016     1016      2F2      80B       0
                text14                             1C6C     1C6C       38      80B       0
                text13                             17A8     17A8       D8      80B       0
                text12                             1A9A     1A9A       68      80B       0
                text11                             1BEE     1BEE       40      80B       0
                text10                             1D0C     1D0C       30      80B       0
                text9                              1880     1880       C2      80B       0
                text8                              1942     1942       AE      80B       0
                text7                              1CD8     1CD8       34      80B       0
                text6                              1DA8     1DA8        2      EC4       0
                text5                              19F0     19F0       AA      80B       0
                text4                              15F0     15F0      1B8      80B       0
                text3                              1C2E     1C2E       3E      80B       0
                text2                              1CA4     1CA4       34      80B       0
                text1                              1BAC     1BAC       42      80B       0
                text0                              1D3C     1D3C       26      80B       0
                cstackCOMRAM                          1        1       2D        1       1
                bssBANK0                             80       80       20       80       1
                dataCOMRAM                           2E       2E       25        1       1
                bssCOMRAM                            53       53       16        1       1
                cinit                              1B6A     1B6A       42      80B       0
                idataCOMRAM                        1D62     1D62       25      80B       0

TOTAL           Name                               Link     Load   Length     Space
        CLASS   CODE           
                init                                  0        0        4         0
                text18                             1308     1308      2E8         0
                text17                             1D88     1D88       20         0
                text16                             1B02     1B02       68         0
                text15                             1016     1016      2F2         0
                text14                             1C6C     1C6C       38         0
                text13                             17A8     17A8       D8         0
                text12                             1A9A     1A9A       68         0
                text11                             1BEE     1BEE       40         0
                text10                             1D0C     1D0C       30         0
                text9                              1880     1880       C2         0
                text8                              1942     1942       AE         0
                text7                              1CD8     1CD8       34         0
                text6                              1DA8     1DA8        2         0
                text5                              19F0     19F0       AA         0
                text4                              15F0     15F0      1B8         0
                text3                              1C2E     1C2E       3E         0
                text2                              1CA4     1CA4       34         0
                text1                              1BAC     1BAC       42         0
                text0                              1D3C     1D3C       26         0
                cinit                              1B6A     1B6A       42         0
                idataCOMRAM                        1D62     1D62       25         0

        CLASS   CONST          

        CLASS   SMALLCONST     
                smallconst                         1000     1000       16         0

        CLASS   MEDIUMCONST    

        CLASS   COMRAM         
                cstackCOMRAM                          1        1       2D         1
                dataCOMRAM                           2E       2E       25         1
                bssCOMRAM                            53       53       16         1

        CLASS   ABS1           

        CLASS   BIGRAM         

        CLASS   RAM            

        CLASS   BANK0          
                bssBANK0                             80       80       20         1

        CLASS   BANK1          

        CLASS   BANK2          

        CLASS   BANK3          

        CLASS   BANK4          

        CLASS   BANK5          

        CLASS   BANK6          

        CLASS   BANK7          

        CLASS   BANK8          

        CLASS   BANK9          

        CLASS   BANK10         

        CLASS   BANK11         

        CLASS   BANK12         

        CLASS   BANK13         

        CLASS   BANK14         

        CLASS   BANK15         

        CLASS   SFR            

        CLASS   BIGSFR         

        CLASS   CONFIG         
                config                           300000   300000        E         4

        CLASS   IDLOC          

        CLASS   EEDATA         

        CLASS   FARRAM         

        CLASS   HEAP           

        CLASS   STACK          



SEGMENTS        Name                           Load    Length   Top    Selector   Space  Class

                reset_vec                      000000  000004  000004         0       0  CODE    
                cstackCOMRAM                   000001  000068  000069         1       1  COMRAM  
                bssBANK0                       000080  000020  0000A0        80       1  BANK0   
                smallconst                     001000  000016  001016       800       0  SMALLCON
                text15                         001016  000D71  001D87       80B       0  CODE    
                text17                         001D88  000022  001DAA       EC4       0  CODE    


UNUSED ADDRESS RANGES

        Name                Unused          Largest block    Delta
        BANK0            0000A0-0000FF               60
        BANK1            000100-0001FF              100
        BANK10           000A00-000AFF              100
        BANK11           000B00-000BFF              100
        BANK12           000C00-000CFF              100
        BANK13           000D00-000DFF              100
        BANK14           000E00-000EFF              100
        BANK15           000F00-000F7F               80
        BANK2            000200-0002FF              100
        BANK3            000300-0003FF              100
        BANK4            000400-0004FF              100
        BANK5            000500-0005FF              100
        BANK6            000600-0006FF              100
        BANK7            000700-0007FF              100
        BANK8            000800-0008FF              100
        BANK9            000900-0009FF              100
        BIGRAM           000069-00007F               17
                         0000A0-000F7F              EE0
        BIGSFR           000F80-000FFF               80
        CODE             000004-000FFF              FFC
                         001D87-001D87                1
                         001DAA-00FFFF             E256
        COMRAM           000069-00007F               17
        CONST            000004-000FFF              FFC
                         001D87-001D87                1
                         001DAA-00FFFF             E256
        EEDATA           F00000-F003FF              400
        IDLOC            200000-200007                8
        MEDIUMCONST      001D87-001D87                1
                         001DAA-00FFFF             E256
        RAM              0000A0-000F7F              100
        SFR              000F80-000FFF               80
        SMALLCONST       001D87-001D87                1
                         001DAA-00FFFF              100

                                  Symbol Table

?___awdiv                              cstackCOMRAM 000001
?___awmod                              cstackCOMRAM 000001
?_abs                                  cstackCOMRAM 000007
?_sprintf                              cstackCOMRAM 00001A
?_vfprintf                             cstackCOMRAM 000016
HALL_LCD_8bit_init@Counter             cstackCOMRAM 00000E
HALL_LCD_8bit_init@copyLCD             cstackCOMRAM 00000C
HALL_LCD_8bit_sendCMD@Counter          cstackCOMRAM 00000B
HALL_LCD_8bit_sendCMD@copyCMD          cstackCOMRAM 000008
HALL_LCD_8bit_sendCMD@copyLCD          cstackCOMRAM 000007
HALL_LCD_8bit_sendChar@Counter         cstackCOMRAM 00000B
HALL_LCD_8bit_sendChar@copyData        cstackCOMRAM 000008
HALL_LCD_8bit_sendChar@copyLCD         cstackCOMRAM 000007
HALL_LCD_8bit_sendSTR@copyData         cstackCOMRAM 00000D
HALL_LCD_8bit_sendSTR@copyLCD          cstackCOMRAM 00000C
HALL_LCD_convertU8toSTR@copySTR        cstackCOMRAM 00002C
HALL_LCD_convertU8toSTR@copyValue      cstackCOMRAM 00002D
HALL_Led_init@F3060                    bssCOMRAM    000062
HALL_Led_trunOFF@F3070                 bssCOMRAM    000060
HALL_Led_trunON@F3065                  bssCOMRAM    000061
HALL_Led_trunToggle@F3075              bssCOMRAM    00005F
HALL_Relay_init@F3054                  bssCOMRAM    00005E
HALL_Relay_turnOFF@F3064               bssCOMRAM    00005C
HALL_Relay_turnON@F3059                bssCOMRAM    00005D
LCD_sendEnableSignal8Bits@copyLCD      cstackCOMRAM 000006
MCAL_GPIO_init@copyPinCFG              cstackCOMRAM 000006
MCAL_GPIO_init@retVal                  cstackCOMRAM 000007
MCAL_GPIO_writePinStatus@copyPinCFG    cstackCOMRAM 000001
MCAL_GPIO_writePinStatus@copyStatusPin cstackCOMRAM 000002
MCAL_GPIO_writePinStatus@retVal        cstackCOMRAM 000005
Mcal_GPIO_initPinDirection@copyPinCFG  cstackCOMRAM 000001
Mcal_GPIO_initPinDirection@retVal      cstackCOMRAM 000004
_BTN1                                  dataCOMRAM   000041
_HALL_LCD_8bit_init                    text13       0017A8
_HALL_LCD_8bit_sendCMD                 text16       001B02
_HALL_LCD_8bit_sendChar                text12       001A9A
_HALL_LCD_8bit_sendSTR                 text11       001BEE
_HALL_LCD_convertU8toSTR               text1        001BAC
_INTCON2bits                           (abs)        000FF1
_INTCON3bits                           (abs)        000FF0
_INTCONbits                            (abs)        000FF2
_KeyPad1                               dataCOMRAM   00002E
_LATA                                  (abs)        000F89
_LATB                                  (abs)        000F8A
_LATC                                  (abs)        000F8B
_LATD                                  (abs)        000F8C
_LATE                                  (abs)        000F8D
_LCD1_4Bit                             dataCOMRAM   000036
_LCD1_8Bit                             dataCOMRAM   000049
_LCD_sendEnableSignal8Bits             text17       001D88
_MCAL_GPIO_init                        text14       001C6C
_MCAL_GPIO_writePinStatus              text18       001308
_Mcal_GPIO_initPinDirection            text15       001016
_Motor1                                dataCOMRAM   000046
_Motor2                                dataCOMRAM   000044
_Num                                   dataCOMRAM   000048
_NumArr                                bssCOMRAM    000063
_PORTA                                 (abs)        000F80
_PORTB                                 (abs)        000F81
_PORTC                                 (abs)        000F82
_PORTD                                 (abs)        000F83
_PORTE                                 (abs)        000F84
_RetValue_BTN                          bssCOMRAM    000057
_RetValue_KeyPad                       bssCOMRAM    000059
_Seg1                                  dataCOMRAM   00003C
_TRISA                                 (abs)        000F92
_TRISB                                 (abs)        000F93
_TRISC                                 (abs)        000F94
_TRISD                                 (abs)        000F95
_TRISE                                 (abs)        000F96
__HRAM                                 (abs)        000000
__H__absolute__                        __absolute__ 000000
__Habs1                                abs1         000000
__Hbank0                               bank0        000000
__Hbank1                               bank1        000000
__Hbank10                              bank10       000000
__Hbank11                              bank11       000000
__Hbank12                              bank12       000000
__Hbank13                              bank13       000000
__Hbank14                              bank14       000000
__Hbank15                              bank15       000000
__Hbank2                               bank2        000000
__Hbank3                               bank3        000000
__Hbank4                               bank4        000000
__Hbank5                               bank5        000000
__Hbank6                               bank6        000000
__Hbank7                               bank7        000000
__Hbank8                               bank8        000000
__Hbank9                               bank9        000000
__Hbigbss                              bigbss       000000
__Hbigdata                             bigdata      000000
__Hbigram                              bigram       000000
__Hbigsfr                              bigsfr       000000
__Hbss                                 bss          000000
__HbssBANK0                            bssBANK0     000000
__HbssCOMRAM                           bssCOMRAM    000000
__Hcinit                               cinit        000000
__Hclrtext                             clrtext      000000
__Hcomram                              comram       000000
__Hconfig                              config       30000E
__Hconst                               const        000000
__HcstackCOMRAM                        cstackCOMRAM 000000
__Hdata                                data         000000
__HdataCOMRAM                          dataCOMRAM   000000
__Heeprom_data                         eeprom_data  000000
__Hfarbss                              farbss       000000
__Hfardata                             fardata      000000
__Hheap                                heap         000000
__Hibigdata                            ibigdata     000000
__Hidata                               idata        000000
__HidataCOMRAM                         idataCOMRAM  000000
__Hidloc                               idloc        000000
__Hifardata                            ifardata     000000
__Hinit                                init         000004
__Hintcode                             intcode      000000
__Hintcode_body                        intcode_body 000000
__Hintcodelo                           intcodelo    000000
__Hintentry                            intentry     000000
__Hintret                              intret       000000
__Hintsave_regs                        intsave_regs 000000
__Hirdata                              irdata       000000
__Hmediumconst                         mediumconst  000000
__HnvFARRAM                            nvFARRAM     000000
__Hnvbit                               nvbit        000000
__Hnvrram                              nvrram       000000
__Hparam                               rparam       000000
__Hpowerup                             powerup      000000
__Hram                                 ram          000000
__Hramtop                              ramtop       001000
__Hrbit                                rbit         000000
__Hrbss                                rbss         000000
__Hrdata                               rdata        000000
__Hreset_vec                           reset_vec    000000
__Hrparam                              rparam       000000
__Hsfr                                 sfr          000000
__Hsivt_hi                             sivt_hi      000000
__Hsivt_lo                             sivt_lo      000000
__Hsmallconst                          smallconst   001016
__Hspace_0                             (abs)        001DAA
__Hspace_1                             (abs)        0000A0
__Hspace_2                             (abs)        000000
__Hspace_4                             (abs)        60000E
__Hstack                               stack        000000
__Hstruct                              struct       000000
__Htemp                                temp         000000
__Htext                                text         000000
__Htext0                               text0        000000
__Htext1                               text1        000000
__Htext10                              text10       000000
__Htext11                              text11       000000
__Htext12                              text12       000000
__Htext13                              text13       000000
__Htext14                              text14       000000
__Htext15                              text15       000000
__Htext16                              text16       000000
__Htext17                              text17       000000
__Htext18                              text18       000000
__Htext2                               text2        000000
__Htext3                               text3        000000
__Htext4                               text4        000000
__Htext5                               text5        000000
__Htext6                               text6        000000
__Htext7                               text7        000000
__Htext8                               text8        000000
__Htext9                               text9        000000
__LRAM                                 (abs)        000001
__L__absolute__                        __absolute__ 000000
__Labs1                                abs1         000000
__Lbank0                               bank0        000000
__Lbank1                               bank1        000000
__Lbank10                              bank10       000000
__Lbank11                              bank11       000000
__Lbank12                              bank12       000000
__Lbank13                              bank13       000000
__Lbank14                              bank14       000000
__Lbank15                              bank15       000000
__Lbank2                               bank2        000000
__Lbank3                               bank3        000000
__Lbank4                               bank4        000000
__Lbank5                               bank5        000000
__Lbank6                               bank6        000000
__Lbank7                               bank7        000000
__Lbank8                               bank8        000000
__Lbank9                               bank9        000000
__Lbigbss                              bigbss       000000
__Lbigdata                             bigdata      000000
__Lbigram                              bigram       000000
__Lbigsfr                              bigsfr       000000
__Lbss                                 bss          000000
__LbssBANK0                            bssBANK0     000000
__LbssCOMRAM                           bssCOMRAM    000000
__Lcinit                               cinit        000000
__Lclrtext                             clrtext      000000
__Lcomram                              comram       000000
__Lconfig                              config       000000
__Lconst                               const        000000
__LcstackCOMRAM                        cstackCOMRAM 000000
__Ldata                                data         000000
__LdataCOMRAM                          dataCOMRAM   000000
__Leeprom_data                         eeprom_data  000000
__Lfarbss                              farbss       000000
__Lfardata                             fardata      000000
__Lheap                                heap         000000
__Libigdata                            ibigdata     000000
__Lidata                               idata        000000
__LidataCOMRAM                         idataCOMRAM  000000
__Lidloc                               idloc        000000
__Lifardata                            ifardata     000000
__Linit                                init         000000
__Lintcode                             intcode      000000
__Lintcode_body                        intcode_body 000000
__Lintcodelo                           intcodelo    000000
__Lintentry                            intentry     000000
__Lintret                              intret       000000
__Lintsave_regs                        intsave_regs 000000
__Lirdata                              irdata       000000
__Lmediumconst                         mediumconst  000000
__LnvFARRAM                            nvFARRAM     000000
__Lnvbit                               nvbit        000000
__Lnvrram                              nvrram       000000
__Lparam                               rparam       000000
__Lpowerup                             powerup      000000
__Lram                                 ram          000000
__Lramtop                              ramtop       001000
__Lrbit                                rbit         000000
__Lrbss                                rbss         000000
__Lrdata                               rdata        000000
__Lreset_vec                           reset_vec    000000
__Lrparam                              rparam       000000
__Lsfr                                 sfr          000000
__Lsivt_hi                             sivt_hi      000000
__Lsivt_lo                             sivt_lo      000000
__Lsmallconst                          smallconst   001000
__Lspace_0                             (abs)        000000
__Lspace_1                             (abs)        000000
__Lspace_2                             (abs)        000000
__Lspace_4                             (abs)        000000
__Lstack                               stack        000000
__Lstruct                              struct       000000
__Ltemp                                temp         000000
__Ltext                                text         000000
__Ltext0                               text0        000000
__Ltext1                               text1        000000
__Ltext10                              text10       000000
__Ltext11                              text11       000000
__Ltext12                              text12       000000
__Ltext13                              text13       000000
__Ltext14                              text14       000000
__Ltext15                              text15       000000
__Ltext16                              text16       000000
__Ltext17                              text17       000000
__Ltext18                              text18       000000
__Ltext2                               text2        000000
__Ltext3                               text3        000000
__Ltext4                               text4        000000
__Ltext5                               text5        000000
__Ltext6                               text6        000000
__Ltext7                               text7        000000
__Ltext8                               text8        000000
__Ltext9                               text9        000000
__S0                                   (abs)        001DAA
__S1                                   (abs)        0000A0
__S4                                   (abs)        000000
__S5                                   (abs)        000000
___awdiv                               text9        001880
___awdiv@counter                       cstackCOMRAM 000005
___awdiv@dividend                      cstackCOMRAM 000001
___awdiv@divisor                       cstackCOMRAM 000003
___awdiv@quotient                      cstackCOMRAM 000007
___awdiv@sign                          cstackCOMRAM 000006
___awmod                               text8        001942
___awmod@counter                       cstackCOMRAM 000005
___awmod@dividend                      cstackCOMRAM 000001
___awmod@divisor                       cstackCOMRAM 000003
___awmod@sign                          cstackCOMRAM 000006
___heap_hi                             (abs)        000000
___heap_lo                             (abs)        000000
___inthi_sp                            stack        000000
___inthi_stack_hi                      stack        000000
___inthi_stack_lo                      stack        000000
___intlo_sp                            stack        000000
___intlo_stack_hi                      stack        000000
___intlo_stack_lo                      stack        000000
___param_bank                          (abs)        000000
___rparam_used                         (abs)        000001
___sp                                  stack        000000
___stack_hi                            stack        000000
___stack_lo                            stack        000000
__accesstop                            (abs)        000080
__activetblptr                         (abs)        000002
__end_of_HALL_LCD_8bit_init            text13       001880
__end_of_HALL_LCD_8bit_sendCMD         text16       001B6A
__end_of_HALL_LCD_8bit_sendChar        text12       001B02
__end_of_HALL_LCD_8bit_sendSTR         text11       001C2E
__end_of_HALL_LCD_convertU8toSTR       text1        001BEE
__end_of_LCD_sendEnableSignal8Bits     text17       001DA8
__end_of_MCAL_GPIO_init                text14       001CA4
__end_of_MCAL_GPIO_writePinStatus      text18       0015F0
__end_of_Mcal_GPIO_initPinDirection    text15       001308
__end_of___awdiv                       text9        001942
__end_of___awmod                       text8        0019F0
__end_of__initialization               cinit        001BA2
__end_of_abs                           text7        001D0C
__end_of_btn_Value                     smallconst   001011
__end_of_fputc                         text5        001A9A
__end_of_main                          text0        001D62
__end_of_memset                        text10       001D3C
__end_of_putch                         text6        001DAA
__end_of_sprintf                       text2        001CD8
__end_of_vfpfcnvrt                     text4        0017A8
__end_of_vfprintf                      text3        001C6C
__initialization                       cinit        001B6A
__mediumconst                          mediumconst  000000
__pbssBANK0                            bssBANK0     000080
__pbssCOMRAM                           bssCOMRAM    000053
__pcinit                               cinit        001B6A
__pcstackCOMRAM                        cstackCOMRAM 000001
__pdataCOMRAM                          dataCOMRAM   00002E
__pidataCOMRAM                         idataCOMRAM  001D62
__psmallconst                          smallconst   001000
__ptext0                               text0        001D3C
__ptext1                               text1        001BAC
__ptext10                              text10       001D0C
__ptext11                              text11       001BEE
__ptext12                              text12       001A9A
__ptext13                              text13       0017A8
__ptext14                              text14       001C6C
__ptext15                              text15       001016
__ptext16                              text16       001B02
__ptext17                              text17       001D88
__ptext18                              text18       001308
__ptext2                               text2        001CA4
__ptext3                               text3        001C2E
__ptext4                               text4        0015F0
__ptext5                               text5        0019F0
__ptext6                               text6        001DA8
__ptext7                               text7        001CD8
__ptext8                               text8        001942
__ptext9                               text9        001880
__ramtop                               ramtop       001000
__smallconst                           smallconst   001000
_abs                                   text7        001CD8
_btn_Value                             smallconst   001001
_dbuf                                  bssBANK0     000080
_flags                                 bssCOMRAM    00005B
_fputc                                 text5        0019F0
_main                                  text0        001D3C
_memset                                text10       001D0C
_objPin_motor_1                        bssCOMRAM    000068
_objPin_motor_2                        bssCOMRAM    000067
_prec                                  bssCOMRAM    000055
_putch                                 text6        001DA8
_sprintf                               text2        001CA4
_vfpfcnvrt                             text4        0015F0
_vfprintf                              text3        001C2E
_width                                 bssCOMRAM    000053
abs@a                                  cstackCOMRAM 000007
end_of_initialization                  cinit        001BA2
fputc@c                                cstackCOMRAM 000001
fputc@fp                               cstackCOMRAM 000003
intlevel0                              text         000000
intlevel1                              text         000000
intlevel2                              text         000000
intlevel3                              text         000000
isa$std                                (abs)        000001
isa$xinst                              (abs)        000000
memset@c                               cstackCOMRAM 000002
memset@dest                            cstackCOMRAM 000001
memset@n                               cstackCOMRAM 000004
memset@p                               cstackCOMRAM 000006
sprintf@ap                             cstackCOMRAM 000020
sprintf@f                              cstackCOMRAM 000021
sprintf@fmt                            cstackCOMRAM 00001B
sprintf@s                              cstackCOMRAM 00001A
stackhi                                (abs)        000000
stacklo                                (abs)        000000
start                                  init         000000
start_initialization                   cinit        001B6A
vfpfcnvrt@ap                           cstackCOMRAM 00000D
vfpfcnvrt@c                            cstackCOMRAM 000015
vfpfcnvrt@convarg                      cstackCOMRAM 000011
vfpfcnvrt@cp                           cstackCOMRAM 000010
vfpfcnvrt@done                         cstackCOMRAM 00000F
vfpfcnvrt@fmt                          cstackCOMRAM 00000C
vfpfcnvrt@fp                           cstackCOMRAM 00000B
vfprintf@ap                            cstackCOMRAM 000018
vfprintf@cfmt                          cstackCOMRAM 000019
vfprintf@fmt                           cstackCOMRAM 000017
vfprintf@fp                            cstackCOMRAM 000016


MODULE INFORMATION

Module		Function		Class		Link	Load	Size
Hall/LCD/Hall_lcd_prog.c
		_HALL_LCD_convertU8toSTR		CODE           	1BAC	0000	66
		_LCD_sendEnableSignal8Bits		CODE           	1D88	0000	32
		_HALL_LCD_8bit_sendCMD		CODE           	1B02	0000	104
		_HALL_LCD_8bit_init		CODE           	17A8	0000	216
		_HALL_LCD_8bit_sendChar		CODE           	1A9A	0000	104
		_HALL_LCD_8bit_sendSTR		CODE           	1BEE	0000	64

Hall/LCD/Hall_lcd_prog.c estimated size: 586

App/Main.c
		_main          		CODE           	1D3C	0000	38

App/Main.c estimated size: 38

C:\Program Files\Microchip\xc8\v2.50\pic\sources\c99\common\awmod.c
		___awmod       		CODE           	1942	0000	174

C:\Program Files\Microchip\xc8\v2.50\pic\sources\c99\common\awmod.c estimated size: 174

C:\Program Files\Microchip\xc8\v2.50\pic\sources\c99\common\putch.c
		_putch         		CODE           	1DA8	0000	2

C:\Program Files\Microchip\xc8\v2.50\pic\sources\c99\common\putch.c estimated size: 2

C:\Program Files\Microchip\xc8\v2.50\pic\sources\c99\common\abs.c
		_abs           		CODE           	1CD8	0000	52

C:\Program Files\Microchip\xc8\v2.50\pic\sources\c99\common\abs.c estimated size: 52

C:\Program Files\Microchip\xc8\v2.50\pic\sources\c99\common\nf_sprintf.c
		_sprintf       		CODE           	1CA4	0000	52

C:\Program Files\Microchip\xc8\v2.50\pic\sources\c99\common\nf_sprintf.c estimated size: 52

C:\Program Files\Microchip\xc8\v2.50\pic\sources\c99\common\memset.c
		_memset        		CODE           	1D0C	0000	48

C:\Program Files\Microchip\xc8\v2.50\pic\sources\c99\common\memset.c estimated size: 48

C:\Program Files\Microchip\xc8\v2.50\pic\sources\c99\common\nf_fputc.c
		_fputc         		CODE           	19F0	0000	170

C:\Program Files\Microchip\xc8\v2.50\pic\sources\c99\common\nf_fputc.c estimated size: 170

shared
		__initialization		CODE           	1B6A	0000	56
		_btn_Value     		SMALLCONST     	1001	0000	16

shared estimated size: 72

C:\Program Files\Microchip\xc8\v2.50\pic\sources\c99\common\awdiv.c
		___awdiv       		CODE           	1880	0000	194

C:\Program Files\Microchip\xc8\v2.50\pic\sources\c99\common\awdiv.c estimated size: 194

C:\Program Files\Microchip\xc8\v2.50\pic\sources\c99\common\doprnt.c
		_vfpfcnvrt     		CODE           	15F0	0000	440
		_vfprintf      		CODE           	1C2E	0000	62

C:\Program Files\Microchip\xc8\v2.50\pic\sources\c99\common\doprnt.c estimated size: 502

Mcal/Mcal_GPIO/Mcal_GPIO_prog.c
		_Mcal_GPIO_initPinDirection		CODE           	1016	0000	754
		_MCAL_GPIO_writePinStatus		CODE           	1308	0000	744
		_MCAL_GPIO_init		CODE           	1C6C	0000	56

Mcal/Mcal_GPIO/Mcal_GPIO_prog.c estimated size: 1554

